******************************************************************************
                  TI ARM Linker PC v20.2.7                     
******************************************************************************
>> Linked Tue Sep  5 11:01:48 2023

OUTPUT FILE NAME:   <LCD.out>
ENTRY POINT SYMBOL: "_c_int00_noargs"  address: 00000a35


MEMORY CONFIGURATION

         name            origin    length      used     unused   attr    fill
----------------------  --------  ---------  --------  --------  ----  --------
  FLASH                 00000000   00040000  00000b32  0003f4ce  R  X
  SRAM                  20000000   00008000  00000218  00007de8  RW X


SEGMENT ALLOCATION MAP

run origin  load origin   length   init length attrs members
----------  ----------- ---------- ----------- ----- -------
00000000    00000000    00000b38   00000b38    r-x
  00000000    00000000    0000026c   0000026c    r-- .intvecs
  0000026c    0000026c    00000846   00000846    r-x .text
  00000ab2    00000ab2    00000058   00000058    r-- .const
  00000b10    00000b10    00000028   00000028    r-- .cinit
20000000    20000000    00000218   00000000    rw-
  20000000    20000000    00000200   00000000    rw- .stack
  20000200    20000200    00000018   00000000    rw- .data


SECTION ALLOCATION MAP

 output                                  attributes/
section   page    origin      length       input sections
--------  ----  ----------  ----------   ----------------
.intvecs   0    00000000    0000026c     
                  00000000    0000026c     tm4c123gh6pm_startup_ccs.obj (.intvecs)

.text      0    0000026c    00000846     
                  0000026c    00000468     GPIO_Program.obj (.text)
                  000006d4    00000218     lcd.obj (.text)
                  000008ec    0000009c     rtsv7M4_T_le_v4SPD16_eabi.lib : memcpy_t2.asm.obj (.text)
                  00000988    00000068                                   : copy_decompress_lzss.c.obj (.text:decompress:lzss:__TI_decompress_lzss)
                  000009f0    00000044                                   : autoinit.c.obj (.text:__TI_auto_init_nobinit_nopinit:__TI_auto_init_nobinit_nopinit)
                  00000a34    00000034                                   : boot_cortex_m.c.obj (.text:_c_int00_noargs:_c_int00_noargs)
                  00000a68    00000028     main.obj (.text)
                  00000a90    0000000e     rtsv7M4_T_le_v4SPD16_eabi.lib : copy_decompress_none.c.obj (.text:decompress:none:__TI_decompress_none)
                  00000a9e    0000000c     tm4c123gh6pm_startup_ccs.obj (.text)
                  00000aaa    00000004     rtsv7M4_T_le_v4SPD16_eabi.lib : pre_init.c.obj (.text:_system_pre_init)
                  00000aae    00000004                                   : exit.c.obj (.text:abort:abort)

.const     0    00000ab2    00000058     
                  00000ab2    00000040     lcd.obj (.const:$P$T3$4)
                  00000af2    00000008     lcd.obj (.const:$P$T0$1)
                  00000afa    00000008     lcd.obj (.const:$P$T1$2)
                  00000b02    00000008     lcd.obj (.const:$P$T2$3)

.cinit     0    00000b10    00000028     
                  00000b10    00000017     (.cinit..data.load) [load image, compression = lzss]
                  00000b27    00000001     --HOLE-- [fill = 0]
                  00000b28    00000008     (__TI_handler_table)
                  00000b30    00000008     (__TI_cinit_table)

.init_array 
*          0    00000000    00000000     UNINITIALIZED

.data      0    20000200    00000018     UNINITIALIZED
                  20000200    00000018     GPIO_Program.obj (.data:GPIO_Arr)

.stack     0    20000000    00000200     UNINITIALIZED
                  20000000    00000004     rtsv7M4_T_le_v4SPD16_eabi.lib : boot_cortex_m.c.obj (.stack)
                  20000004    000001fc     --HOLE--

__llvm_prf_cnts 
*          0    20000000    00000000     UNINITIALIZED

MODULE SUMMARY

       Module                         code   ro data   rw data
       ------                         ----   -------   -------
    .\
       GPIO_Program.obj               1128   0         24     
       tm4c123gh6pm_startup_ccs.obj   12     620       0      
       lcd.obj                        536    88        0      
       main.obj                       40     0         0      
    +--+------------------------------+------+---------+---------+
       Total:                         1716   708       24     
                                                              
    C:\ti\ccs1240\ccs\tools\compiler\ti-cgt-arm_20.2.7.LTS\lib\rtsv7M4_T_le_v4SPD16_eabi.lib
       memcpy_t2.asm.obj              156    0         0      
       copy_decompress_lzss.c.obj     104    0         0      
       autoinit.c.obj                 68     0         0      
       boot_cortex_m.c.obj            52     0         0      
       copy_decompress_none.c.obj     14     0         0      
       exit.c.obj                     4      0         0      
       pre_init.c.obj                 4      0         0      
    +--+------------------------------+------+---------+---------+
       Total:                         402    0         0      
                                                              
       Stack:                         0      0         512    
       Linker Generated:              0      39        0      
    +--+------------------------------+------+---------+---------+
       Grand Total:                   2118   747       536    


LINKER GENERATED COPY TABLES

__TI_cinit_table @ 00000b30 records: 1, size/record: 8, table size: 8
	.data: load addr=00000b10, load size=00000017 bytes, run addr=20000200, run size=00000018 bytes, compression=lzss


LINKER GENERATED HANDLER TABLE

__TI_handler_table @ 00000b28 records: 2, size/record: 4, table size: 8
	index: 0, handler: __TI_decompress_lzss
	index: 1, handler: __TI_decompress_none


GLOBAL SYMBOLS: SORTED ALPHABETICALLY BY Name 

address   name                          
-------   ----                          
00000aaf  C$$EXIT                       
00000621  GPIO_GetPinValue              
00000689  GPIO_GetPortValue             
0000026d  GPIO_Init                     
00000575  GPIO_SetPinValue              
000005cf  GPIO_SetPortValue             
000007e1  LCD_displayCharacter          
00000847  LCD_displayString             
000006f9  LCD_init                      
00000877  LCD_moveCursor                
0000077b  LCD_sendCommand               
00000a9f  ResetISR                      
20000200  __STACK_END                   
00000200  __STACK_SIZE                  
20000200  __STACK_TOP                   
00000b30  __TI_CINIT_Base               
00000b38  __TI_CINIT_Limit              
00000b28  __TI_Handler_Table_Base       
00000b30  __TI_Handler_Table_Limit      
000009f1  __TI_auto_init_nobinit_nopinit
00000989  __TI_decompress_lzss          
00000a91  __TI_decompress_none          
ffffffff  __TI_pprof_out_hndl           
ffffffff  __TI_prof_data_size           
ffffffff  __TI_prof_data_start          
00000000  __TI_static_base__            
000008ed  __aeabi_memcpy                
000008ed  __aeabi_memcpy4               
000008ed  __aeabi_memcpy8               
ffffffff  __binit__                     
ffffffff  __c_args__                    
UNDEFED   __mpu_init                    
20000000  __stack                       
20000000  __start___llvm_prf_cnts       
20000000  __stop___llvm_prf_cnts        
00000a35  _c_int00_noargs               
UNDEFED   _system_post_cinit            
00000aab  _system_pre_init              
00000aaf  abort                         
ffffffff  binit                         
000006d5  delay_ms                      
00000000  g_pfnVectors                  
00000a69  main                          
000008ed  memcpy                        


GLOBAL SYMBOLS: SORTED BY Symbol Address 

address   name                          
-------   ----                          
00000000  __TI_static_base__            
00000000  g_pfnVectors                  
00000200  __STACK_SIZE                  
0000026d  GPIO_Init                     
00000575  GPIO_SetPinValue              
000005cf  GPIO_SetPortValue             
00000621  GPIO_GetPinValue              
00000689  GPIO_GetPortValue             
000006d5  delay_ms                      
000006f9  LCD_init                      
0000077b  LCD_sendCommand               
000007e1  LCD_displayCharacter          
00000847  LCD_displayString             
00000877  LCD_moveCursor                
000008ed  __aeabi_memcpy                
000008ed  __aeabi_memcpy4               
000008ed  __aeabi_memcpy8               
000008ed  memcpy                        
00000989  __TI_decompress_lzss          
000009f1  __TI_auto_init_nobinit_nopinit
00000a35  _c_int00_noargs               
00000a69  main                          
00000a91  __TI_decompress_none          
00000a9f  ResetISR                      
00000aab  _system_pre_init              
00000aaf  C$$EXIT                       
00000aaf  abort                         
00000b28  __TI_Handler_Table_Base       
00000b30  __TI_CINIT_Base               
00000b30  __TI_Handler_Table_Limit      
00000b38  __TI_CINIT_Limit              
20000000  __stack                       
20000000  __start___llvm_prf_cnts       
20000000  __stop___llvm_prf_cnts        
20000200  __STACK_END                   
20000200  __STACK_TOP                   
ffffffff  __TI_pprof_out_hndl           
ffffffff  __TI_prof_data_size           
ffffffff  __TI_prof_data_start          
ffffffff  __binit__                     
ffffffff  __c_args__                    
ffffffff  binit                         
UNDEFED   __mpu_init                    
UNDEFED   _system_post_cinit            

[44 symbols]
